<world>
<properties>
defaultSize height='10' width='10'/>
</properties>
<objects>
<wall x='1' y='8' length='1' style='horizontal'/>
<wall x='1' y='7' length='1' style='vertical'/>
<wall x='1' y='6' length='1' style='vertical'/>
<wall x='1' y='4' length='1' style='horizontal'/>
<wall x='1' y='3' length='1' style='horizontal'/>
<wall x='1' y='2' length='1' style='vertical'/>
<wall x='1' y='1' length='1' style='vertical'/>
<wall x='2' y='8' length='1' style='horizontal'/>
<wall x='2' y='7' length='1' style='horizontal'/>
<wall x='2' y='5' length='1' style='horizontal'/>
<wall x='2' y='4' length='1' style='horizontal'/>
<wall x='2' y='3' length='1' style='horizontal'/>
<wall x='2' y='2' length='1' style='horizontal'/>
<wall x='2' y='1' length='1' style='vertical'/>
<wall x='3' y='8' length='1' style='horizontal'/>
<wall x='3' y='7' length='1' style='horizontal'/>
<wall x='3' y='6' length='1' style='horizontal'/>
<wall x='3' y='5' length='1' style='horizontal'/>
<wall x='3' y='4' length='1' style='horizontal'/>
<wall x='3' y='3' length='1' style='horizontal'/>
<wall x='3' y='2' length='1' style='horizontal'/>
<wall x='3' y='1' length='1' style='horizontal'/>
<wall x='4' y='8' length='1' style='horizontal'/>
<wall x='4' y='7' length='1' style='horizontal'/>
<wall x='4' y='6' length='1' style='horizontal'/>
<wall x='4' y='5' length='1' style='horizontal'/>
<wall x='4' y='4' length='1' style='horizontal'/>
<wall x='4' y='4' length='1' style='vertical'/>
<wall x='4' y='3' length='1' style='horizontal'/>
<wall x='4' y='2' length='1' style='horizontal'/>
<wall x='4' y='1' length='1' style='horizontal'/>
<wall x='4' y='1' length='1' style='vertical'/>
<wall x='5' y='8' length='1' style='horizontal'/>
<wall x='5' y='7' length='1' style='horizontal'/>
<wall x='5' y='5' length='1' style='vertical'/>
<wall x='5' y='4' length='1' style='vertical'/>
<wall x='5' y='3' length='1' style='vertical'/>
<wall x='6' y='8' length='1' style='horizontal'/>
<wall x='6' y='7' length='1' style='horizontal'/>
<wall x='6' y='6' length='1' style='horizontal'/>
<wall x='6' y='5' length='1' style='horizontal'/>
<wall x='6' y='2' length='1' style='horizontal'/>
<wall x='6' y='1' length='1' style='horizontal'/>
<wall x='7' y='8' length='1' style='horizontal'/>
<wall x='7' y='7' length='1' style='horizontal'/>
<wall x='7' y='6' length='1' style='horizontal'/>
<wall x='7' y='5' length='1' style='horizontal'/>
<wall x='7' y='2' length='1' style='horizontal'/>
<wall x='7' y='2' length='1' style='vertical'/>
<wall x='7' y='1' length='1' style='vertical'/>
<beeper x='8' y='8' num='1'/>
<wall x='8' y='8' length='1' style='horizontal'/>
<wall x='8' y='7' length='1' style='horizontal'/>
<wall x='8' y='7' length='1' style='vertical'/>
<wall x='8' y='6' length='1' style='vertical'/>
<wall x='8' y='5' length='1' style='horizontal'/>
</objects>
</world>
